// Jest Snapshot v1, https://goo.gl/fbAQLP

exports[`Card renders an img tag with the correct src 1`] = `
<div
  className="card"
>
  <img
    alt="Card Title"
    className="card-img-top"
    src="http://test.com/test.jpg"
  />
  <div
    className="card-body"
  >
    <h5
      className="card-title"
    >
      Card Title
    </h5>
    <p
      className="card-text"
    >
      Card Description
    </p>
  </div>
</div>
`;
